---
source: crates/jolt_kotlin_fmt/tests/recovery_snapshots.rs
expression: snapshot
---
input:
var x: Int
get() = 1;
);
set(value) {};

formatted:
var x: Int
  get() = 1

);
set(value) {}

diagnostics:
code=kotlin.parse.expected_syntax severity=Error stage=Parser range=Some(TextRange { start: TextSize(22), end: TextSize(23) }) message=expected expression
