---
source: crates/jolt_java_syntax/src/parser/tests.rs
expression: "&parse"
---
syntax:
CompilationUnit
  ClassDeclaration
    ClassKw "class" @ 13..18 leading=[Newline "\n", Whitespace "            "] trailing=[Whitespace " "]
    Identifier "MethodInvocations" @ 19..36 trailing=[Whitespace " "]
    ExtendsClause
      ExtendsKw "extends" @ 37..44 trailing=[Whitespace " "]
      ClassType
        Name
          Identifier "Base" @ 45..49 trailing=[Whitespace " "]
    ClassBody
      LBrace "{" @ 50..51
      ClassBodyDeclaration
        MethodDeclaration
          ModifierList
            StaticKw "static" @ 68..74 leading=[Newline "\n", Whitespace "                "] trailing=[Whitespace " "]
          VoidType
            VoidKw "void" @ 75..79 trailing=[Whitespace " "]
          Identifier "staticMethod" @ 80..92
          LParen "(" @ 92..93
          RParen ")" @ 93..94 trailing=[Whitespace " "]
          Block
            LBrace "{" @ 95..96
            RBrace "}" @ 96..97
      ClassBodyDeclaration
        MethodDeclaration
          ModifierList
            StaticKw "static" @ 114..120 leading=[Newline "\n", Whitespace "                "] trailing=[Whitespace " "]
          TypeParameterList
            Lt "<" @ 121..122
            TypeParameter
              Identifier "T" @ 122..123
            Gt ">" @ 123..124 trailing=[Whitespace " "]
          VoidType
            VoidKw "void" @ 125..129 trailing=[Whitespace " "]
          Identifier "staticGeneric" @ 130..143
          LParen "(" @ 143..144
          FormalParameterList
            FormalParameter
              ClassType
                Name
                  Identifier "T" @ 144..145 trailing=[Whitespace " "]
              Identifier "value" @ 146..151
          RParen ")" @ 151..152 trailing=[Whitespace " "]
          Block
            LBrace "{" @ 153..154
            RBrace "}" @ 154..155
      ClassBodyDeclaration
        MethodDeclaration
          VoidType
            VoidKw "void" @ 172..176 leading=[Newline "\n", Whitespace "                "] trailing=[Whitespace " "]
          Identifier "simple" @ 177..183
          LParen "(" @ 183..184
          RParen ")" @ 184..185 trailing=[Whitespace " "]
          Block
            LBrace "{" @ 186..187
            RBrace "}" @ 187..188
      ClassBodyDeclaration
        MethodDeclaration
          VoidType
            VoidKw "void" @ 205..209 leading=[Newline "\n", Whitespace "                "] trailing=[Whitespace " "]
          Identifier "instance" @ 210..218
          LParen "(" @ 218..219
          RParen ")" @ 219..220 trailing=[Whitespace " "]
          Block
            LBrace "{" @ 221..222
            RBrace "}" @ 222..223
      ClassBodyDeclaration
        MethodDeclaration
          TypeParameterList
            Lt "<" @ 240..241 leading=[Newline "\n", Whitespace "                "]
            TypeParameter
              Identifier "T" @ 241..242
            Gt ">" @ 242..243 trailing=[Whitespace " "]
          VoidType
            VoidKw "void" @ 244..248 trailing=[Whitespace " "]
          Identifier "generic" @ 249..256
          LParen "(" @ 256..257
          FormalParameterList
            FormalParameter
              ClassType
                Name
                  Identifier "T" @ 257..258 trailing=[Whitespace " "]
              Identifier "value" @ 259..264
          RParen ")" @ 264..265 trailing=[Whitespace " "]
          Block
            LBrace "{" @ 266..267
            RBrace "}" @ 267..268
      ClassBodyDeclaration
        MethodDeclaration
          VoidType
            VoidKw "void" @ 286..290 leading=[Newline "\n", Newline "\n", Whitespace "                "] trailing=[Whitespace " "]
          Identifier "method" @ 291..297
          LParen "(" @ 297..298
          FormalParameterList
            FormalParameter
              ClassType
                Name
                  Identifier "MethodInvocations" @ 298..315 trailing=[Whitespace " "]
              Identifier "target" @ 316..322
          RParen ")" @ 322..323 trailing=[Whitespace " "]
          Block
            LBrace "{" @ 324..325
            BlockStatement
              ExpressionStatement
                MethodInvocationExpression
                  NameExpression
                    Identifier "simple" @ 346..352 leading=[Newline "\n", Whitespace "                    "]
                  ArgumentList
                    LParen "(" @ 352..353
                    RParen ")" @ 353..354
                Semicolon ";" @ 354..355
            BlockStatement
              ExpressionStatement
                MethodInvocationExpression
                  NameExpression
                    Identifier "MethodInvocations" @ 376..393 leading=[Newline "\n", Whitespace "                    "]
                  Dot "." @ 393..394
                  Identifier "staticMethod" @ 394..406
                  ArgumentList
                    LParen "(" @ 406..407
                    RParen ")" @ 407..408
                Semicolon ";" @ 408..409
            BlockStatement
              ExpressionStatement
                MethodInvocationExpression
                  NameExpression
                    Identifier "target" @ 430..436 leading=[Newline "\n", Whitespace "                    "]
                  Dot "." @ 436..437
                  Identifier "instance" @ 437..445
                  ArgumentList
                    LParen "(" @ 445..446
                    RParen ")" @ 446..447
                Semicolon ";" @ 447..448
            BlockStatement
              ExpressionStatement
                MethodInvocationExpression
                  ParenthesizedExpression
                    LParen "(" @ 469..470 leading=[Newline "\n", Whitespace "                    "]
                    NameExpression
                      Identifier "target" @ 470..476
                    RParen ")" @ 476..477
                  Dot "." @ 477..478
                  Identifier "instance" @ 478..486
                  ArgumentList
                    LParen "(" @ 486..487
                    RParen ")" @ 487..488
                Semicolon ";" @ 488..489
            BlockStatement
              ExpressionStatement
                MethodInvocationExpression
                  SuperExpression
                    SuperKw "super" @ 510..515 leading=[Newline "\n", Whitespace "                    "]
                  Dot "." @ 515..516
                  Identifier "baseMethod" @ 516..526
                  ArgumentList
                    LParen "(" @ 526..527
                    RParen ")" @ 527..528
                Semicolon ";" @ 528..529
            BlockStatement
              ExpressionStatement
                MethodInvocationExpression
                  SuperExpression
                    NameExpression
                      Identifier "MethodInvocations" @ 550..567 leading=[Newline "\n", Whitespace "                    "]
                    Dot "." @ 567..568
                    SuperKw "super" @ 568..573
                  Dot "." @ 573..574
                  Identifier "baseMethod" @ 574..584
                  ArgumentList
                    LParen "(" @ 584..585
                    RParen ")" @ 585..586
                Semicolon ";" @ 586..587
            BlockStatement
              ExpressionStatement
                MethodInvocationExpression
                  ThisExpression
                    ThisKw "this" @ 608..612 leading=[Newline "\n", Whitespace "                    "]
                  Dot "." @ 612..613
                  TypeArgumentList
                    Lt "<" @ 613..614
                    TypeArgument
                      ClassType
                        Name
                          Identifier "String" @ 614..620
                    Gt ">" @ 620..621
                  Identifier "generic" @ 621..628
                  ArgumentList
                    LParen "(" @ 628..629
                    LiteralExpression
                      StringLiteral "\"value\"" @ 629..636
                    RParen ")" @ 636..637
                Semicolon ";" @ 637..638
            BlockStatement
              ExpressionStatement
                MethodInvocationExpression
                  NameExpression
                    Identifier "target" @ 659..665 leading=[Newline "\n", Whitespace "                    "]
                  Dot "." @ 665..666
                  TypeArgumentList
                    Lt "<" @ 666..667
                    TypeArgument
                      ClassType
                        Name
                          Identifier "String" @ 667..673
                    Gt ">" @ 673..674
                  Identifier "generic" @ 674..681
                  ArgumentList
                    LParen "(" @ 681..682
                    LiteralExpression
                      StringLiteral "\"value\"" @ 682..689
                    RParen ")" @ 689..690
                Semicolon ";" @ 690..691
            BlockStatement
              ExpressionStatement
                MethodInvocationExpression
                  NameExpression
                    Identifier "MethodInvocations" @ 712..729 leading=[Newline "\n", Whitespace "                    "]
                  Dot "." @ 729..730
                  TypeArgumentList
                    Lt "<" @ 730..731
                    TypeArgument
                      ClassType
                        Name
                          Identifier "String" @ 731..737
                    Gt ">" @ 737..738
                  Identifier "staticGeneric" @ 738..751
                  ArgumentList
                    LParen "(" @ 751..752
                    LiteralExpression
                      StringLiteral "\"value\"" @ 752..759
                    RParen ")" @ 759..760
                Semicolon ";" @ 760..761
            BlockStatement
              ExpressionStatement
                MethodInvocationExpression
                  SuperExpression
                    SuperKw "super" @ 782..787 leading=[Newline "\n", Whitespace "                    "]
                  Dot "." @ 787..788
                  TypeArgumentList
                    Lt "<" @ 788..789
                    TypeArgument
                      ClassType
                        Name
                          Identifier "String" @ 789..795
                    Gt ">" @ 795..796
                  Identifier "baseGeneric" @ 796..807
                  ArgumentList
                    LParen "(" @ 807..808
                    LiteralExpression
                      StringLiteral "\"value\"" @ 808..815
                    RParen ")" @ 815..816
                Semicolon ";" @ 816..817
            BlockStatement
              ExpressionStatement
                MethodInvocationExpression
                  SuperExpression
                    NameExpression
                      Identifier "MethodInvocations" @ 838..855 leading=[Newline "\n", Whitespace "                    "]
                    Dot "." @ 855..856
                    SuperKw "super" @ 856..861
                  Dot "." @ 861..862
                  TypeArgumentList
                    Lt "<" @ 862..863
                    TypeArgument
                      ClassType
                        Name
                          Identifier "String" @ 863..869
                    Gt ">" @ 869..870
                  Identifier "baseGeneric" @ 870..881
                  ArgumentList
                    LParen "(" @ 881..882
                    LiteralExpression
                      StringLiteral "\"value\"" @ 882..889
                    RParen ")" @ 889..890
                Semicolon ";" @ 890..891
            RBrace "}" @ 908..909 leading=[Newline "\n", Whitespace "                "]
      RBrace "}" @ 922..923 leading=[Newline "\n", Whitespace "            "]
  ClassDeclaration
    ClassKw "class" @ 937..942 leading=[Newline "\n", Newline "\n", Whitespace "            "] trailing=[Whitespace " "]
    Identifier "Base" @ 943..947 trailing=[Whitespace " "]
    ClassBody
      LBrace "{" @ 948..949
      ClassBodyDeclaration
        MethodDeclaration
          VoidType
            VoidKw "void" @ 966..970 leading=[Newline "\n", Whitespace "                "] trailing=[Whitespace " "]
          Identifier "baseMethod" @ 971..981
          LParen "(" @ 981..982
          RParen ")" @ 982..983 trailing=[Whitespace " "]
          Block
            LBrace "{" @ 984..985
            RBrace "}" @ 985..986
      ClassBodyDeclaration
        MethodDeclaration
          TypeParameterList
            Lt "<" @ 1003..1004 leading=[Newline "\n", Whitespace "                "]
            TypeParameter
              Identifier "T" @ 1004..1005
            Gt ">" @ 1005..1006 trailing=[Whitespace " "]
          VoidType
            VoidKw "void" @ 1007..1011 trailing=[Whitespace " "]
          Identifier "baseGeneric" @ 1012..1023
          LParen "(" @ 1023..1024
          FormalParameterList
            FormalParameter
              ClassType
                Name
                  Identifier "T" @ 1024..1025 trailing=[Whitespace " "]
              Identifier "value" @ 1026..1031
          RParen ")" @ 1031..1032 trailing=[Whitespace " "]
          Block
            LBrace "{" @ 1033..1034
            RBrace "}" @ 1034..1035
      RBrace "}" @ 1048..1049 leading=[Newline "\n", Whitespace "            "]
  Eof "" @ 1058..1058 leading=[Newline "\n", Whitespace "        "]

parser diagnostics:
  (none)

lexer diagnostics:
  (none)
