---
source: crates/jolt_java_syntax/src/parser/tests.rs
expression: "&parse"
---
syntax:
CompilationUnit
  ClassDeclaration
    ClassKw "class" @ 13..18 leading=[Newline "\n", Whitespace "            "] trailing=[Whitespace " "]
    Identifier "ConstructorTypeArgumentsCreation" @ 19..51 trailing=[Whitespace " "]
    ClassBody
      LBrace "{" @ 52..53
      ClassBodyDeclaration
        MethodDeclaration
          VoidType
            VoidKw "void" @ 70..74 leading=[Newline "\n", Whitespace "                "] trailing=[Whitespace " "]
          Identifier "method" @ 75..81
          LParen "(" @ 81..82
          RParen ")" @ 82..83 trailing=[Whitespace " "]
          Block
            LBrace "{" @ 84..85
            BlockStatement
              LocalVariableDeclaration
                ClassType
                  Name
                    Identifier "Object" @ 106..112 leading=[Newline "\n", Whitespace "                    "] trailing=[Whitespace " "]
                VariableDeclaratorList
                  VariableDeclarator
                    Identifier "box" @ 113..116 trailing=[Whitespace " "]
                    Assign "=" @ 117..118 trailing=[Whitespace " "]
                    VariableInitializer
                      ObjectCreationExpression
                        NewKw "new" @ 119..122 trailing=[Whitespace " "]
                        TypeArgumentList
                          Lt "<" @ 123..124
                          TypeArgument
                            ClassType
                              Name
                                Identifier "String" @ 124..130
                          Gt ">" @ 130..131 trailing=[Whitespace " "]
                        ClassType
                          Name
                            Identifier "Box" @ 132..135
                        ArgumentList
                          LParen "(" @ 135..136
                          LiteralExpression
                            StringLiteral "\"value\"" @ 136..143
                          RParen ")" @ 143..144
              Semicolon ";" @ 144..145
            RBrace "}" @ 162..163 leading=[Newline "\n", Whitespace "                "]
      RBrace "}" @ 176..177 leading=[Newline "\n", Whitespace "            "]
  ClassDeclaration
    ClassKw "class" @ 191..196 leading=[Newline "\n", Newline "\n", Whitespace "            "] trailing=[Whitespace " "]
    Identifier "Box" @ 197..200
    TypeParameterList
      Lt "<" @ 200..201
      TypeParameter
        Identifier "T" @ 201..202
      Gt ">" @ 202..203 trailing=[Whitespace " "]
    ClassBody
      LBrace "{" @ 204..205
      ClassBodyDeclaration
        ConstructorDeclaration
          TypeParameterList
            Lt "<" @ 222..223 leading=[Newline "\n", Whitespace "                "]
            TypeParameter
              Identifier "U" @ 223..224
            Gt ">" @ 224..225 trailing=[Whitespace " "]
          Identifier "Box" @ 226..229
          LParen "(" @ 229..230
          FormalParameterList
            FormalParameter
              ClassType
                Name
                  Identifier "U" @ 230..231 trailing=[Whitespace " "]
              Identifier "value" @ 232..237
          RParen ")" @ 237..238 trailing=[Whitespace " "]
          ConstructorBody
            LBrace "{" @ 239..240
            RBrace "}" @ 240..241
      RBrace "}" @ 254..255 leading=[Newline "\n", Whitespace "            "]
  Eof "" @ 264..264 leading=[Newline "\n", Whitespace "        "]

diagnostics:
  (none)
