---
source: crates/jolt_java_syntax/src/parser/tests.rs
expression: "&parse"
---
syntax:
CompilationUnit
  ClassDeclaration
    ClassKw "class" @ 13..18 leading=[Newline "\n", Whitespace "            "] trailing=[Whitespace " "]
    Identifier "AnnotatedDims" @ 19..32 trailing=[Whitespace " "]
    ClassBody
      LBrace "{" @ 33..34
      ClassBodyDeclaration
        FieldDeclaration
          ArrayType
            ClassType
              Name
                Identifier "String" @ 51..57 leading=[Newline "\n", Whitespace "                "] trailing=[Whitespace " "]
            ArrayDimensions
              ArrayDimension
                Annotation
                  At "@" @ 58..59
                  Name
                    Identifier "Marker" @ 59..65 trailing=[Whitespace " "]
                LBracket "[" @ 66..67
                RBracket "]" @ 67..68 trailing=[Whitespace " "]
              ArrayDimension
                Annotation
                  At "@" @ 69..70
                  Name
                    Identifier "Marker" @ 70..76 trailing=[Whitespace " "]
                LBracket "[" @ 77..78
                RBracket "]" @ 78..79 trailing=[Whitespace " "]
          VariableDeclaratorList
            VariableDeclarator
              Identifier "names" @ 80..85
          Semicolon ";" @ 85..86
      RBrace "}" @ 99..100 leading=[Newline "\n", Whitespace "            "]
  AnnotationInterfaceDeclaration
    At "@" @ 114..115 leading=[Newline "\n", Newline "\n", Whitespace "            "]
    InterfaceKw "interface" @ 115..124 trailing=[Whitespace " "]
    Identifier "Marker" @ 125..131 trailing=[Whitespace " "]
    AnnotationInterfaceBody
      LBrace "{" @ 132..133
      AnnotationElementList
      RBrace "}" @ 133..134
  Eof "" @ 143..143 leading=[Newline "\n", Whitespace "        "]

diagnostics:
  (none)
