---
source: crates/jolt_java_fmt/tests/corpus.rs
expression: snapshot
---
formatted:
class RemovedStraySemicolonCommentIdempotence {
  int field;

  /* JOLT-TRIVIA:stray-semicolon */
  static {
  }

  void method() {
  }

  /*
   * JOLT-TRIVIA:multiline-stray-semicolon
   */
  int following;
}

diagnostics:
(none)
