---
source: crates/jolt_kotlin_syntax/tests/corpus.rs
expression: snapshot
---
input:
fun interface Decoder<T> {
    fun decode(text: String): T
}

sealed interface Node

syntax:
syntax:
KotlinFile
  AnnotationList
  ImportList
    ImportDirectiveList
  KotlinFileItemList
    FunctionDeclaration
      ModifierListSequence
      ModifierListSequence
      FunKw "fun" @ 0..3 trailing=[Whitespace " "]
      ModifierListSequence
    InterfaceDeclaration
      ModifierListSequence
      ModifierListSequence
      InterfaceKw "interface" @ 4..13 trailing=[Whitespace " "]
      Name
        Identifier "Decoder" @ 14..21
      TypeParameterList
        Lt "<" @ 21..22
        TypeParameterSeparatedList
          TypeParameter
            ModifierListSequence
            Name
              Identifier "T" @ 22..23
        Gt ">" @ 23..24 trailing=[Whitespace " "]
      ClassBody
        LBrace "{" @ 25..26
        ClassMemberList
          ClassMemberDeclaration
            FunctionDeclaration
              ModifierListSequence
              ModifierListSequence
              FunKw "fun" @ 31..34 leading=[Newline "\n", Whitespace "    "] trailing=[Whitespace " "]
              ModifierListSequence
              CallableName
                CallableNamePartList
                  Name
                    Identifier "decode" @ 35..41
              ValueParameterList
                LParen "(" @ 41..42
                ValueParameterSeparatedList
                  ValueParameter
                    ModifierListSequence
                    Name
                      Identifier "text" @ 42..46
                    Colon ":" @ 46..47 trailing=[Whitespace " "]
                    TypeReference
                      UserType
                        UserTypeSegmentList
                          Identifier "String" @ 48..54
                RParen ")" @ 54..55
              Colon ":" @ 55..56 trailing=[Whitespace " "]
              TypeReference
                UserType
                  UserTypeSegmentList
                    Identifier "T" @ 57..58
        RBrace "}" @ 59..60 leading=[Newline "\n"]
    InterfaceDeclaration
      ModifierListSequence
        ModifierList
          ModifierItemList
            Identifier "sealed" @ 62..68 leading=[Newline "\n", Newline "\n"] trailing=[Whitespace " "]
      ModifierListSequence
      InterfaceKw "interface" @ 69..78 trailing=[Whitespace " "]
      Name
        Identifier "Node" @ 79..83
  Eof "" @ 84..84 leading=[Newline "\n"]

diagnostics:
  (none)

diagnostics:
(none)
