---
source: crates/jolt_kotlin_syntax/tests/corpus.rs
expression: snapshot
---
input:
"abc
val x = 1

syntax:
syntax:
KotlinFile
  AnnotationList
  KotlinFileItemList
    Statement
      ExpressionStatement
        StringTemplateExpression
          StringTemplateEntryList
            StringTemplateEntry
              StringTemplateContent
                OpenQuote "\"" @ 0..1
            StringTemplateEntry
              StringTemplateContent
                RegularStringPart "abc" @ 1..4
            StringTemplateEntry
              StringTemplateContent
                DanglingNewline "" @ 4..4
            StringTemplateEntry
              StringTemplateContent
                ValKw "val" @ 5..8 leading=[Newline "\n"] trailing=[Whitespace " "]
            StringTemplateEntry
              StringTemplateContent
                Identifier "x" @ 9..10 trailing=[Whitespace " "]
            StringTemplateEntry
              StringTemplateContent
                Assign "=" @ 11..12 trailing=[Whitespace " "]
            StringTemplateEntry
              StringTemplateContent
                IntegerLiteral "1" @ 13..14
      TerminatorList
  Eof "" @ 15..15 leading=[Newline "\n"]

diagnostics:
  code=kotlin.lex.unterminated_string_literal severity=Error stage=Lexer range=0..4 message="unterminated string literal"
  code=kotlin.parse.expected_syntax severity=Error stage=Parser range=15..15 message="expected closing quote"

diagnostics:
code=kotlin.lex.unterminated_string_literal severity=Error stage=Lexer range=Some(TextRange { start: TextSize(0), end: TextSize(4) }) message=unterminated string literal
code=kotlin.parse.expected_syntax severity=Error stage=Parser range=Some(TextRange { start: TextSize(15), end: TextSize(15) }) message=expected closing quote
