---
source: crates/jolt_kotlin_syntax/tests/corpus.rs
expression: snapshot
---
input:
public sealed class ModifiedHeader

private data class HiddenValue(val value: String)

internal open class OpenForTests

syntax:
syntax:
KotlinFile
  AnnotationList
  KotlinFileItemList
    ClassDeclaration
      ModifierList
        Identifier "public" @ 0..6 trailing=[Whitespace " "]
        Identifier "sealed" @ 7..13 trailing=[Whitespace " "]
      ModifierList
      ClassKw "class" @ 14..19 trailing=[Whitespace " "]
      Name
        Identifier "ModifiedHeader" @ 20..34
    ClassDeclaration
      ModifierList
        Identifier "private" @ 36..43 leading=[Newline "\n", Newline "\n"] trailing=[Whitespace " "]
        Identifier "data" @ 44..48 trailing=[Whitespace " "]
      ModifierList
      ClassKw "class" @ 49..54 trailing=[Whitespace " "]
      Name
        Identifier "HiddenValue" @ 55..66
      PrimaryConstructor
        ModifierList
        ValueParameterList
          LParen "(" @ 66..67
          ValueParameterSeparatedList
            ValueParameter
              ModifierList
              ValKw "val" @ 67..70 trailing=[Whitespace " "]
              Name
                Identifier "value" @ 71..76
              Colon ":" @ 76..77 trailing=[Whitespace " "]
              TypeReference
                UserType
                  UserTypeSegmentList
                    UserTypeSegment
                      Identifier "String" @ 78..84
          RParen ")" @ 84..85
    ClassDeclaration
      ModifierList
        Identifier "internal" @ 87..95 leading=[Newline "\n", Newline "\n"] trailing=[Whitespace " "]
        Identifier "open" @ 96..100 trailing=[Whitespace " "]
      ModifierList
      ClassKw "class" @ 101..106 trailing=[Whitespace " "]
      Name
        Identifier "OpenForTests" @ 107..119
  Eof "" @ 120..120 leading=[Newline "\n"]

diagnostics:
  (none)

diagnostics:
(none)
