---
source: crates/jolt_kotlin_syntax/tests/corpus.rs
expression: snapshot
---
input:
package com.example.expressions

fun render(items: List<String>, emit: (String) -> Unit) {
    items.forEach { item ->
        emit(item.uppercase())
    }
}

val joined = listOf("a", "b", "c").joinToString(separator = ",") { it.uppercase() }

syntax:
syntax:
KotlinFile
  PackageHeader
    PackageKw "package" @ 0..7 trailing=[Whitespace " "]
    QualifiedName
      Name
        Identifier "com" @ 8..11
      Dot "." @ 11..12
      Name
        Identifier "example" @ 12..19
      Dot "." @ 19..20
      Name
        Identifier "expressions" @ 20..31
  ImportList
  FunctionDeclaration
    FunKw "fun" @ 33..36 leading=[Newline "\n", Newline "\n"] trailing=[Whitespace " "]
    CallableName
      Name
        Identifier "render" @ 37..43
    ValueParameterList
      LParen "(" @ 43..44
      ValueParameter
        Name
          Identifier "items" @ 44..49
        Colon ":" @ 49..50 trailing=[Whitespace " "]
        TypeReference
          UserType
            Identifier "List" @ 51..55
            TypeArgumentList
              Lt "<" @ 55..56
              TypeProjectionList
                TypeArgument
                  TypeProjection
                    TypeReference
                      UserType
                        Identifier "String" @ 56..62
              Gt ">" @ 62..63
      Comma "," @ 63..64 trailing=[Whitespace " "]
      ValueParameter
        Name
          Identifier "emit" @ 65..69
        Colon ":" @ 69..70 trailing=[Whitespace " "]
        TypeReference
          FunctionType
            ParenthesizedType
              LParen "(" @ 71..72
              FunctionTypeParameter
                TypeReference
                  UserType
                    Identifier "String" @ 72..78
              RParen ")" @ 78..79 trailing=[Whitespace " "]
            Arrow "->" @ 80..82 trailing=[Whitespace " "]
            UserType
              Identifier "Unit" @ 83..87
      RParen ")" @ 87..88 trailing=[Whitespace " "]
    Block
      LBrace "{" @ 89..90
      Statement
        ExpressionStatement
          CallExpression
            NavigationExpression
              NameExpression
                Identifier "items" @ 95..100 leading=[Newline "\n", Whitespace "    "]
              Dot "." @ 100..101
              Identifier "forEach" @ 101..108 trailing=[Whitespace " "]
            LambdaExpression
              LBrace "{" @ 109..110 trailing=[Whitespace " "]
              LambdaParameterList
                LambdaParameter
                  Name
                    Identifier "item" @ 111..115 trailing=[Whitespace " "]
                Arrow "->" @ 116..118
              Statement
                ExpressionStatement
                  CallExpression
                    NameExpression
                      Identifier "emit" @ 127..131 leading=[Newline "\n", Whitespace "        "]
                    ValueArgumentList
                      LParen "(" @ 131..132
                      ValueArgument
                        CallExpression
                          NavigationExpression
                            NameExpression
                              Identifier "item" @ 132..136
                            Dot "." @ 136..137
                            Identifier "uppercase" @ 137..146
                          ValueArgumentList
                            LParen "(" @ 146..147
                            RParen ")" @ 147..148
                      RParen ")" @ 148..149
              RBrace "}" @ 154..155 leading=[Newline "\n", Whitespace "    "]
      RBrace "}" @ 156..157 leading=[Newline "\n"]
  PropertyDeclaration
    ValKw "val" @ 159..162 leading=[Newline "\n", Newline "\n"] trailing=[Whitespace " "]
    CallableName
      Name
        Identifier "joined" @ 163..169 trailing=[Whitespace " "]
    Assign "=" @ 170..171 trailing=[Whitespace " "]
    CallExpression
      CallExpression
        NavigationExpression
          CallExpression
            NameExpression
              Identifier "listOf" @ 172..178
            ValueArgumentList
              LParen "(" @ 178..179
              ValueArgument
                StringTemplateExpression
                  StringTemplateEntry
                    OpenQuote "\"" @ 179..180
                  StringTemplateEntry
                    RegularStringPart "a" @ 180..181
                  ClosingQuote "\"" @ 181..182
              Comma "," @ 182..183 trailing=[Whitespace " "]
              ValueArgument
                StringTemplateExpression
                  StringTemplateEntry
                    OpenQuote "\"" @ 184..185
                  StringTemplateEntry
                    RegularStringPart "b" @ 185..186
                  ClosingQuote "\"" @ 186..187
              Comma "," @ 187..188 trailing=[Whitespace " "]
              ValueArgument
                StringTemplateExpression
                  StringTemplateEntry
                    OpenQuote "\"" @ 189..190
                  StringTemplateEntry
                    RegularStringPart "c" @ 190..191
                  ClosingQuote "\"" @ 191..192
              RParen ")" @ 192..193
          Dot "." @ 193..194
          Identifier "joinToString" @ 194..206
        ValueArgumentList
          LParen "(" @ 206..207
          ValueArgument
            AssignmentExpression
              NameExpression
                Identifier "separator" @ 207..216 trailing=[Whitespace " "]
              Assign "=" @ 217..218 trailing=[Whitespace " "]
              StringTemplateExpression
                StringTemplateEntry
                  OpenQuote "\"" @ 219..220
                StringTemplateEntry
                  RegularStringPart "," @ 220..221
                ClosingQuote "\"" @ 221..222
          RParen ")" @ 222..223 trailing=[Whitespace " "]
      LambdaExpression
        LBrace "{" @ 224..225 trailing=[Whitespace " "]
        Statement
          ExpressionStatement
            CallExpression
              NavigationExpression
                NameExpression
                  Identifier "it" @ 226..228
                Dot "." @ 228..229
                Identifier "uppercase" @ 229..238
              ValueArgumentList
                LParen "(" @ 238..239
                RParen ")" @ 239..240 trailing=[Whitespace " "]
        RBrace "}" @ 241..242
  Eof "" @ 243..243 leading=[Newline "\n"]

diagnostics:
  (none)

diagnostics:
(none)
