---
source: crates/jolt_kotlin_syntax/tests/corpus.rs
expression: snapshot
---
input:
class AllTarget(
    @all:Label("user")
    val name: String,
)

annotation class Label(val value: String)

syntax:
syntax:
KotlinFile
  AnnotationList
  KotlinFileItemList
    ClassDeclaration
      ModifierList
      ModifierList
      ClassKw "class" @ 0..5 trailing=[Whitespace " "]
      Name
        Identifier "AllTarget" @ 6..15
      PrimaryConstructor
        ModifierList
        ValueParameterList
          LParen "(" @ 15..16
          ValueParameterSeparatedList
            ValueParameter
              ModifierList
                Annotation
                  At "@" @ 21..22 leading=[Newline "\n", Whitespace "    "]
                  AnnotationUseSiteTarget
                    Identifier "all" @ 22..25
                    Colon ":" @ 25..26
                  QualifiedName
                    QualifiedNameSegmentList
                      Name
                        Identifier "Label" @ 26..31
                  AnnotationArgumentList
                    LParen "(" @ 31..32
                    ValueArgumentSeparatedList
                      ValueArgument
                        ValueArgumentPrefixList
                        StringTemplateExpression
                          StringTemplateEntryList
                            StringTemplateEntry
                              OpenQuote "\"" @ 32..33
                            StringTemplateEntry
                              RegularStringPart "user" @ 33..37
                          ClosingQuote "\"" @ 37..38
                    RParen ")" @ 38..39
              ValKw "val" @ 44..47 leading=[Newline "\n", Whitespace "    "] trailing=[Whitespace " "]
              Name
                Identifier "name" @ 48..52
              Colon ":" @ 52..53 trailing=[Whitespace " "]
              TypeReference
                UserType
                  UserTypeSegmentList
                    Identifier "String" @ 54..60
            Comma "," @ 60..61
          RParen ")" @ 62..63 leading=[Newline "\n"]
    ClassDeclaration
      ModifierList
        Identifier "annotation" @ 65..75 leading=[Newline "\n", Newline "\n"] trailing=[Whitespace " "]
      ModifierList
      ClassKw "class" @ 76..81 trailing=[Whitespace " "]
      Name
        Identifier "Label" @ 82..87
      PrimaryConstructor
        ModifierList
        ValueParameterList
          LParen "(" @ 87..88
          ValueParameterSeparatedList
            ValueParameter
              ModifierList
              ValKw "val" @ 88..91 trailing=[Whitespace " "]
              Name
                Identifier "value" @ 92..97
              Colon ":" @ 97..98 trailing=[Whitespace " "]
              TypeReference
                UserType
                  UserTypeSegmentList
                    Identifier "String" @ 99..105
          RParen ")" @ 105..106
  Eof "" @ 107..107 leading=[Newline "\n"]

diagnostics:
  (none)

diagnostics:
(none)
