---
source: crates/jolt_kotlin_syntax/src/schema_audit.rs
expression: audit.render()
---
language = kotlin
fixture_files = 246
diagnostic_fixture_files = 64
audited_nodes = 15430
exact_valid_shapes = 15182
malformed_nodes = 180
clean_missing_required_shapes = 0
diagnostic_missing_required_shapes = 28
clean_unexpected_shapes = 0
diagnostic_unexpected_shapes = 40
error_node_owners = 180

[clean_missing_required]

[diagnostic_missing_required]
syntax__lexer__recognizes_all_hard_keywords: Name occurrence 1 ()
syntax__lexer__recognizes_delimiters_and_punctuation: NavigationExpression occurrence 1 (CallExpression Dot("."))
syntax__lexer__reports_unterminated_line_string_at_newline: StringTemplateExpression occurrence 1 (StringTemplateEntryList)
syntax__lexer__reports_unterminated_raw_string: StringTemplateExpression occurrence 1 (StringTemplateEntryList)
syntax__parser__diagnoses_malformed_type_argument_call: TypeProjectionSeparatedList occurrence 1 (TypeArgument Comma(",") Comma(",") ErrorNode TypeArgument)
syntax__parser__recovers_incomplete_lambda_and_call: Block occurrence 1 (LBrace("{") BlockItemList)
syntax__parser__recovers_incomplete_lambda_and_call: LambdaBody occurrence 1 (LBrace("{") LambdaParameterList LambdaBodyItemList)
syntax__parser__recovers_incomplete_lambda_and_call: ValueArgumentList occurrence 1 (LParen("(") ValueArgumentEntryList)
syntax__parser__recovers_missing_expression_in_collection_literal_preview: ValueArgumentSeparatedList occurrence 1 (ValueArgument Comma(",") Comma(",") ErrorNode ValueArgument)
syntax__recovery__annotation_argument_list: ValueArgumentSeparatedList occurrence 1 (Comma(",") ErrorNode ValueArgument)
syntax__recovery__argument_list: ValueArgumentEntryList occurrence 1 (Comma(",") ErrorNode ValueArgument)
syntax__recovery__block_missing_close: Block occurrence 1 (LBrace("{") BlockItemList)
syntax__recovery__collection_and_index_lists: ValueArgumentSeparatedList occurrence 1 (Comma(",") ErrorNode ValueArgument)
syntax__recovery__collection_and_index_lists: ValueArgumentSeparatedList occurrence 2 (Comma(",") ErrorNode ValueArgument)
syntax__recovery__context_function_type: FunctionTypeParameterSeparatedList occurrence 1 (FunctionTypeParameter Comma(",") Comma(",") ErrorNode FunctionTypeParameter)
syntax__recovery__control_flow_missing_children: DoWhileStatement occurrence 1 (DoKw("do") Block)
syntax__recovery__control_flow_missing_children: WhenExpression occurrence 1 (WhenKw("when") WhenSubject WhenEntryList)
syntax__recovery__destructuring: DestructuringEntrySeparatedList occurrence 1 (DestructuringEntry Comma(",") Comma(",") ErrorNode DestructuringEntry)
syntax__recovery__lambda_missing_close: Block occurrence 1 (LBrace("{") BlockItemList)
syntax__recovery__lambda_missing_close: LambdaBody occurrence 1 (LBrace("{") LambdaBodyItemList)
syntax__recovery__lambda_parameter_list: LambdaParameterSeparatedList occurrence 1 (LambdaParameter Comma(",") Comma(",") ErrorNode LambdaParameter)
syntax__recovery__type_argument_list: TypeProjectionSeparatedList occurrence 1 (TypeArgument Comma(",") Comma(",") ErrorNode TypeArgument)
syntax__recovery__type_constraints: TypeConstraint occurrence 2 (Name)
syntax__recovery__type_constraints: Name occurrence 4 ()
syntax__recovery__type_parameter_list: TypeParameterSeparatedList occurrence 1 (TypeParameter Comma(",") Comma(",") ErrorNode TypeParameter)
syntax__recovery__value_parameter_list: ValueParameterSeparatedList occurrence 1 (ValueParameter Comma(",") Comma(",") ErrorNode ValueParameter)
syntax__recovery__when_missing_close: Block occurrence 1 (LBrace("{") BlockItemList)
syntax__recovery__when_missing_close: WhenExpression occurrence 1 (WhenKw("when") WhenSubject LBrace("{") WhenEntryList)

[clean_unexpected]

[diagnostic_unexpected]
syntax__lexer__comment_markers_inside_character_literals_are_literal_content: ExpressionStatement occurrence 1 has valid kind with direct malformed ownership [bytes=7, tokens=2, children=2] (LiteralExpression ErrorNode)
syntax__lexer__keeps_range_dots_out_of_number_literals: ExpressionStatement occurrence 1 has valid kind with direct malformed ownership [bytes=10, tokens=6, children=4] (BinaryExpression ErrorNode ErrorNode ErrorNode)
syntax__lexer__recognizes_all_hard_keywords: ExpressionStatement occurrence 1 has valid kind with direct malformed ownership [bytes=149, tokens=28, children=28] (ErrorNode ErrorNode ErrorNode ErrorNode ErrorNode ErrorNode ErrorNode ErrorNode ErrorNode ErrorNode ErrorNode ErrorNode ErrorNode ErrorNode ErrorNode ErrorNode ErrorNode ErrorNode ErrorNode ErrorNode ErrorNode ErrorNode ErrorNode ErrorNode ErrorNode ErrorNode ErrorNode ErrorNode)
syntax__lexer__recognizes_all_operators: ExpressionStatement occurrence 1 has valid kind with direct malformed ownership [bytes=87, tokens=32, children=20] (BinaryExpression ErrorNode ErrorNode ErrorNode ErrorNode ErrorNode ErrorNode ErrorNode ErrorNode ErrorNode ErrorNode ErrorNode ErrorNode ErrorNode ErrorNode ErrorNode ErrorNode ErrorNode ErrorNode ErrorNode)
syntax__lexer__recognizes_character_literals: ExpressionStatement occurrence 1 has valid kind with direct malformed ownership [bytes=27, tokens=5, children=5] (LiteralExpression ErrorNode ErrorNode ErrorNode ErrorNode)
syntax__lexer__recognizes_decimal_floating_point_literals: ExpressionStatement occurrence 1 has valid kind with direct malformed ownership [bytes=30, tokens=7, children=7] (LiteralExpression ErrorNode ErrorNode ErrorNode ErrorNode ErrorNode ErrorNode)
syntax__lexer__recognizes_decimal_integer_literals: ExpressionStatement occurrence 1 has valid kind with direct malformed ownership [bytes=13, tokens=4, children=4] (LiteralExpression ErrorNode ErrorNode ErrorNode)
syntax__lexer__recognizes_delimiters_and_punctuation: ExpressionStatement occurrence 1 has valid kind with direct malformed ownership [bytes=21, tokens=10, children=4] (NavigationExpression ErrorNode ErrorNode ErrorNode)
syntax__lexer__recognizes_delimiters_and_punctuation: TerminatorList occurrence 1 has valid kind with direct malformed ownership [bytes=5, tokens=2, children=2] (Semicolon(";") DoubleSemicolon(";;"))
syntax__lexer__recognizes_delimiters_and_punctuation: ExpressionStatement occurrence 2 has valid kind with direct malformed ownership [bytes=14, tokens=6, children=4] (BinaryExpression ErrorNode ErrorNode ErrorNode)
syntax__lexer__recognizes_field_identifiers: ExpressionStatement occurrence 1 has valid kind with direct malformed ownership [bytes=23, tokens=2, children=2] (NameExpression ErrorNode)
syntax__lexer__recognizes_hex_and_binary_integer_literals: ExpressionStatement occurrence 1 has valid kind with direct malformed ownership [bytes=32, tokens=4, children=4] (LiteralExpression ErrorNode ErrorNode ErrorNode)
syntax__lexer__recognizes_identifiers_with_underscores_and_digits: ExpressionStatement occurrence 1 has valid kind with direct malformed ownership [bytes=14, tokens=4, children=2] (BinaryExpression ErrorNode)
syntax__lexer__recognizes_integer_suffixes: ExpressionStatement occurrence 1 has valid kind with direct malformed ownership [bytes=26, tokens=6, children=6] (LiteralExpression ErrorNode ErrorNode ErrorNode ErrorNode ErrorNode)
syntax__lexer__recognizes_safe_cast_and_question_operators: ExpressionStatement occurrence 1 has valid kind with direct malformed ownership [bytes=24, tokens=12, children=12] (ErrorNode ErrorNode ErrorNode ErrorNode ErrorNode ErrorNode ErrorNode ErrorNode ErrorNode ErrorNode ErrorNode ErrorNode)
syntax__lexer__recognizes_unicode_identifiers: ExpressionStatement occurrence 1 has valid kind with direct malformed ownership [bytes=33, tokens=4, children=2] (BinaryExpression ErrorNode)
syntax__lexer__reports_non_ascii_digit_as_unknown_start: ExpressionStatement occurrence 1 has valid kind with direct malformed ownership [bytes=5, tokens=2, children=2] (ErrorNode ErrorNode)
syntax__lexer__reports_unknown_character: PropertyDeclaration occurrence 1 has valid kind with direct malformed ownership [bytes=13, tokens=6, children=9] (ModifierList ModifierList ValKw("val") CallableName Assign("=") LiteralExpression ErrorNode ErrorNode PropertyBodyMemberList)
syntax__lexer__reports_unterminated_backtick_identifier: ExpressionStatement occurrence 1 has valid kind with direct malformed ownership [bytes=13, tokens=2, children=2] (ErrorNode ErrorNode)
syntax__lexer__reports_unterminated_line_string_at_newline: StringTemplateEntry occurrence 4 has valid kind with direct malformed ownership [bytes=5, tokens=1, children=1] (ValKw("val"))
syntax__lexer__reports_unterminated_line_string_at_newline: StringTemplateEntry occurrence 6 has valid kind with direct malformed ownership [bytes=2, tokens=1, children=1] (Assign("="))
syntax__lexer__reports_unterminated_line_string_at_newline: StringTemplateEntry occurrence 7 has valid kind with direct malformed ownership [bytes=1, tokens=1, children=1] (IntegerLiteral("1"))
syntax__lexer__separates_not_in_and_not_is_from_identifier_prefixes: ExpressionStatement occurrence 1 has valid kind with direct malformed ownership [bytes=22, tokens=6, children=6] (ErrorNode ErrorNode ErrorNode ErrorNode ErrorNode ErrorNode)
syntax__parser__diagnoses_malformed_type_argument_call: BinaryExpression occurrence 1 has valid kind with direct malformed ownership [bytes=34, tokens=11, children=4] (NavigationExpression ErrorNode Lt("<") CallExpression)
syntax__parser__diagnoses_malformed_type_argument_call: PropertyDeclaration occurrence 3 has valid kind with direct malformed ownership [bytes=50, tokens=7, children=10] (ModifierList ModifierList ValKw("val") CallableName Assign("=") NameExpression ErrorNode ErrorNode ErrorNode PropertyBodyMemberList)
syntax__parser__recovers_missing_when_arrow_and_body: WhenEntry occurrence 1 has valid kind with direct malformed ownership [bytes=30, tokens=6, children=3] (WhenConditionSeparatedList LiteralExpression ErrorNode)
syntax__parser__recovers_missing_when_arrow_and_body: WhenCondition occurrence 1 has valid kind with direct malformed ownership [bytes=17, tokens=4, children=4] (LiteralExpression ErrorNode ErrorNode ErrorNode)
syntax__recovery__assignment_without_left: ExpressionStatement occurrence 1 has valid kind with direct malformed ownership [bytes=8, tokens=2, children=2] (ErrorNode ErrorNode)
syntax__recovery__call_without_callee: ExpressionStatement occurrence 1 has valid kind with direct malformed ownership [bytes=16, tokens=6, children=6] (ErrorNode ErrorNode ErrorNode ErrorNode ErrorNode ErrorNode)
syntax__recovery__callable_reference_missing_target: CallableReferenceExpression occurrence 1 has valid kind with direct malformed ownership [bytes=10, tokens=4, children=3] (ColonColon("::") TypeArgumentList TypeArgumentListList)
syntax__recovery__class_body: ExpressionStatement occurrence 1 has valid kind with direct malformed ownership [bytes=30, tokens=5, children=4] (UnaryExpression ErrorNode ErrorNode ErrorNode)
syntax__recovery__declaration_tails: FunctionDeclaration occurrence 1 has valid kind with direct malformed ownership [bytes=26, tokens=8, children=10] (ModifierList ModifierList FunKw("fun") ModifierList CallableName ValueParameterList Assign("=") ErrorNode ErrorNode ErrorNode)
syntax__recovery__declaration_tails: PropertyDeclaration occurrence 1 has valid kind with direct malformed ownership [bytes=17, tokens=3, children=7] (ModifierList ModifierList ValKw("val") CallableName Identifier("by") ErrorNode PropertyBodyMemberList)
syntax__recovery__else_without_branch: IfExpression occurrence 1 has valid kind with direct malformed ownership [bytes=21, tokens=8, children=5] (IfKw("if") ParenthesizedExpression CallExpression ElseKw("else") ErrorNode)
syntax__recovery__navigation_without_receiver: ExpressionStatement occurrence 1 has valid kind with direct malformed ownership [bytes=6, tokens=2, children=2] (ErrorNode ErrorNode)
syntax__recovery__nested_recovered_when_condition: WhenEntry occurrence 1 has valid kind with direct malformed ownership [bytes=33, tokens=9, children=6] (WhenConditionSeparatedList ErrorNode ErrorNode ErrorNode ErrorNode ErrorNode)
syntax__recovery__nested_recovered_when_condition: WhenCondition occurrence 1 has valid kind with direct malformed ownership [bytes=13, tokens=4, children=4] (LiteralExpression ErrorNode ErrorNode ErrorNode)
syntax__recovery__top_level_orphan_token: KotlinFileItemList occurrence 1 has valid kind with direct malformed ownership [bytes=34, tokens=7, children=2] (FunctionDeclaration RBrace("}"))
syntax__recovery__type_constraints: KotlinFileItemList occurrence 1 has valid kind with direct malformed ownership [bytes=61, tokens=18, children=3] (FunctionDeclaration Statement RBrace("}"))
syntax__recovery__type_constraints: ExpressionStatement occurrence 1 has valid kind with direct malformed ownership [bytes=17, tokens=5, children=5] (ErrorNode ErrorNode ErrorNode ErrorNode ErrorNode)

[error_node_ownership]
syntax__lexer__comment_markers_inside_character_literals_are_literal_content: ErrorNode occurrence 1 owned by ExpressionStatement
syntax__lexer__keeps_range_dots_out_of_number_literals: ErrorNode occurrence 1 owned by ExpressionStatement
syntax__lexer__keeps_range_dots_out_of_number_literals: ErrorNode occurrence 2 owned by ExpressionStatement
syntax__lexer__keeps_range_dots_out_of_number_literals: ErrorNode occurrence 3 owned by ExpressionStatement
syntax__lexer__recognizes_all_hard_keywords: ErrorNode occurrence 1 owned by ExpressionStatement
syntax__lexer__recognizes_all_hard_keywords: ErrorNode occurrence 2 owned by ExpressionStatement
syntax__lexer__recognizes_all_hard_keywords: ErrorNode occurrence 3 owned by ExpressionStatement
syntax__lexer__recognizes_all_hard_keywords: ErrorNode occurrence 4 owned by ExpressionStatement
syntax__lexer__recognizes_all_hard_keywords: ErrorNode occurrence 5 owned by ExpressionStatement
syntax__lexer__recognizes_all_hard_keywords: ErrorNode occurrence 6 owned by ExpressionStatement
syntax__lexer__recognizes_all_hard_keywords: ErrorNode occurrence 7 owned by ExpressionStatement
syntax__lexer__recognizes_all_hard_keywords: ErrorNode occurrence 8 owned by ExpressionStatement
syntax__lexer__recognizes_all_hard_keywords: ErrorNode occurrence 9 owned by ExpressionStatement
syntax__lexer__recognizes_all_hard_keywords: ErrorNode occurrence 10 owned by ExpressionStatement
syntax__lexer__recognizes_all_hard_keywords: ErrorNode occurrence 11 owned by ExpressionStatement
syntax__lexer__recognizes_all_hard_keywords: ErrorNode occurrence 12 owned by ExpressionStatement
syntax__lexer__recognizes_all_hard_keywords: ErrorNode occurrence 13 owned by ExpressionStatement
syntax__lexer__recognizes_all_hard_keywords: ErrorNode occurrence 14 owned by ExpressionStatement
syntax__lexer__recognizes_all_hard_keywords: ErrorNode occurrence 15 owned by ExpressionStatement
syntax__lexer__recognizes_all_hard_keywords: ErrorNode occurrence 16 owned by ExpressionStatement
syntax__lexer__recognizes_all_hard_keywords: ErrorNode occurrence 17 owned by ExpressionStatement
syntax__lexer__recognizes_all_hard_keywords: ErrorNode occurrence 18 owned by ExpressionStatement
syntax__lexer__recognizes_all_hard_keywords: ErrorNode occurrence 19 owned by ExpressionStatement
syntax__lexer__recognizes_all_hard_keywords: ErrorNode occurrence 20 owned by ExpressionStatement
syntax__lexer__recognizes_all_hard_keywords: ErrorNode occurrence 21 owned by ExpressionStatement
syntax__lexer__recognizes_all_hard_keywords: ErrorNode occurrence 22 owned by ExpressionStatement
syntax__lexer__recognizes_all_hard_keywords: ErrorNode occurrence 23 owned by ExpressionStatement
syntax__lexer__recognizes_all_hard_keywords: ErrorNode occurrence 24 owned by ExpressionStatement
syntax__lexer__recognizes_all_hard_keywords: ErrorNode occurrence 25 owned by ExpressionStatement
syntax__lexer__recognizes_all_hard_keywords: ErrorNode occurrence 26 owned by ExpressionStatement
syntax__lexer__recognizes_all_hard_keywords: ErrorNode occurrence 27 owned by ExpressionStatement
syntax__lexer__recognizes_all_hard_keywords: ErrorNode occurrence 28 owned by ExpressionStatement
syntax__lexer__recognizes_all_operators: ErrorNode occurrence 1 owned by UnaryExpression
syntax__lexer__recognizes_all_operators: ErrorNode occurrence 2 owned by BinaryExpression
syntax__lexer__recognizes_all_operators: ErrorNode occurrence 3 owned by BinaryExpression
syntax__lexer__recognizes_all_operators: ErrorNode occurrence 4 owned by BinaryExpression
syntax__lexer__recognizes_all_operators: ErrorNode occurrence 5 owned by ExpressionStatement
syntax__lexer__recognizes_all_operators: ErrorNode occurrence 6 owned by ExpressionStatement
syntax__lexer__recognizes_all_operators: ErrorNode occurrence 7 owned by ExpressionStatement
syntax__lexer__recognizes_all_operators: ErrorNode occurrence 8 owned by ExpressionStatement
syntax__lexer__recognizes_all_operators: ErrorNode occurrence 9 owned by ExpressionStatement
syntax__lexer__recognizes_all_operators: ErrorNode occurrence 10 owned by ExpressionStatement
syntax__lexer__recognizes_all_operators: ErrorNode occurrence 11 owned by ExpressionStatement
syntax__lexer__recognizes_all_operators: ErrorNode occurrence 12 owned by ExpressionStatement
syntax__lexer__recognizes_all_operators: ErrorNode occurrence 13 owned by ExpressionStatement
syntax__lexer__recognizes_all_operators: ErrorNode occurrence 14 owned by ExpressionStatement
syntax__lexer__recognizes_all_operators: ErrorNode occurrence 15 owned by ExpressionStatement
syntax__lexer__recognizes_all_operators: ErrorNode occurrence 16 owned by ExpressionStatement
syntax__lexer__recognizes_all_operators: ErrorNode occurrence 17 owned by ExpressionStatement
syntax__lexer__recognizes_all_operators: ErrorNode occurrence 18 owned by ExpressionStatement
syntax__lexer__recognizes_all_operators: ErrorNode occurrence 19 owned by ExpressionStatement
syntax__lexer__recognizes_all_operators: ErrorNode occurrence 20 owned by ExpressionStatement
syntax__lexer__recognizes_all_operators: ErrorNode occurrence 21 owned by ExpressionStatement
syntax__lexer__recognizes_all_operators: ErrorNode occurrence 22 owned by ExpressionStatement
syntax__lexer__recognizes_all_operators: ErrorNode occurrence 23 owned by ExpressionStatement
syntax__lexer__recognizes_character_literals: ErrorNode occurrence 1 owned by ExpressionStatement
syntax__lexer__recognizes_character_literals: ErrorNode occurrence 2 owned by ExpressionStatement
syntax__lexer__recognizes_character_literals: ErrorNode occurrence 3 owned by ExpressionStatement
syntax__lexer__recognizes_character_literals: ErrorNode occurrence 4 owned by ExpressionStatement
syntax__lexer__recognizes_decimal_floating_point_literals: ErrorNode occurrence 1 owned by ExpressionStatement
syntax__lexer__recognizes_decimal_floating_point_literals: ErrorNode occurrence 2 owned by ExpressionStatement
syntax__lexer__recognizes_decimal_floating_point_literals: ErrorNode occurrence 3 owned by ExpressionStatement
syntax__lexer__recognizes_decimal_floating_point_literals: ErrorNode occurrence 4 owned by ExpressionStatement
syntax__lexer__recognizes_decimal_floating_point_literals: ErrorNode occurrence 5 owned by ExpressionStatement
syntax__lexer__recognizes_decimal_floating_point_literals: ErrorNode occurrence 6 owned by ExpressionStatement
syntax__lexer__recognizes_decimal_integer_literals: ErrorNode occurrence 1 owned by ExpressionStatement
syntax__lexer__recognizes_decimal_integer_literals: ErrorNode occurrence 2 owned by ExpressionStatement
syntax__lexer__recognizes_decimal_integer_literals: ErrorNode occurrence 3 owned by ExpressionStatement
syntax__lexer__recognizes_delimiters_and_punctuation: ErrorNode occurrence 1 owned by ExpressionStatement
syntax__lexer__recognizes_delimiters_and_punctuation: ErrorNode occurrence 2 owned by ExpressionStatement
syntax__lexer__recognizes_delimiters_and_punctuation: ErrorNode occurrence 3 owned by ExpressionStatement
syntax__lexer__recognizes_delimiters_and_punctuation: ErrorNode occurrence 4 owned by BinaryExpression
syntax__lexer__recognizes_delimiters_and_punctuation: ErrorNode occurrence 5 owned by BinaryExpression
syntax__lexer__recognizes_delimiters_and_punctuation: ErrorNode occurrence 6 owned by ExpressionStatement
syntax__lexer__recognizes_delimiters_and_punctuation: ErrorNode occurrence 7 owned by ExpressionStatement
syntax__lexer__recognizes_delimiters_and_punctuation: ErrorNode occurrence 8 owned by ExpressionStatement
syntax__lexer__recognizes_field_identifiers: ErrorNode occurrence 1 owned by ExpressionStatement
syntax__lexer__recognizes_hex_and_binary_integer_literals: ErrorNode occurrence 1 owned by ExpressionStatement
syntax__lexer__recognizes_hex_and_binary_integer_literals: ErrorNode occurrence 2 owned by ExpressionStatement
syntax__lexer__recognizes_hex_and_binary_integer_literals: ErrorNode occurrence 3 owned by ExpressionStatement
syntax__lexer__recognizes_identifiers_with_underscores_and_digits: ErrorNode occurrence 1 owned by ExpressionStatement
syntax__lexer__recognizes_integer_suffixes: ErrorNode occurrence 1 owned by ExpressionStatement
syntax__lexer__recognizes_integer_suffixes: ErrorNode occurrence 2 owned by ExpressionStatement
syntax__lexer__recognizes_integer_suffixes: ErrorNode occurrence 3 owned by ExpressionStatement
syntax__lexer__recognizes_integer_suffixes: ErrorNode occurrence 4 owned by ExpressionStatement
syntax__lexer__recognizes_integer_suffixes: ErrorNode occurrence 5 owned by ExpressionStatement
syntax__lexer__recognizes_reserved_ellipsis: ErrorNode occurrence 1 owned by ExpressionStatement
syntax__lexer__recognizes_safe_cast_and_question_operators: ErrorNode occurrence 1 owned by ExpressionStatement
syntax__lexer__recognizes_safe_cast_and_question_operators: ErrorNode occurrence 2 owned by ExpressionStatement
syntax__lexer__recognizes_safe_cast_and_question_operators: ErrorNode occurrence 3 owned by ExpressionStatement
syntax__lexer__recognizes_safe_cast_and_question_operators: ErrorNode occurrence 4 owned by ExpressionStatement
syntax__lexer__recognizes_safe_cast_and_question_operators: ErrorNode occurrence 5 owned by ExpressionStatement
syntax__lexer__recognizes_safe_cast_and_question_operators: ErrorNode occurrence 6 owned by ExpressionStatement
syntax__lexer__recognizes_safe_cast_and_question_operators: ErrorNode occurrence 7 owned by ExpressionStatement
syntax__lexer__recognizes_safe_cast_and_question_operators: ErrorNode occurrence 8 owned by ExpressionStatement
syntax__lexer__recognizes_safe_cast_and_question_operators: ErrorNode occurrence 9 owned by ExpressionStatement
syntax__lexer__recognizes_safe_cast_and_question_operators: ErrorNode occurrence 10 owned by ExpressionStatement
syntax__lexer__recognizes_safe_cast_and_question_operators: ErrorNode occurrence 11 owned by ExpressionStatement
syntax__lexer__recognizes_safe_cast_and_question_operators: ErrorNode occurrence 12 owned by ExpressionStatement
syntax__lexer__recognizes_unicode_identifiers: ErrorNode occurrence 1 owned by ExpressionStatement
syntax__lexer__reports_non_ascii_digit_as_unknown_start: ErrorNode occurrence 1 owned by ExpressionStatement
syntax__lexer__reports_non_ascii_digit_as_unknown_start: ErrorNode occurrence 2 owned by ExpressionStatement
syntax__lexer__reports_unknown_character: ErrorNode occurrence 1 owned by PropertyDeclaration
syntax__lexer__reports_unknown_character: ErrorNode occurrence 2 owned by PropertyDeclaration
syntax__lexer__reports_unterminated_backtick_identifier: ErrorNode occurrence 1 owned by ExpressionStatement
syntax__lexer__reports_unterminated_backtick_identifier: ErrorNode occurrence 2 owned by ExpressionStatement
syntax__lexer__separates_not_in_and_not_is_from_identifier_prefixes: ErrorNode occurrence 1 owned by ExpressionStatement
syntax__lexer__separates_not_in_and_not_is_from_identifier_prefixes: ErrorNode occurrence 2 owned by ExpressionStatement
syntax__lexer__separates_not_in_and_not_is_from_identifier_prefixes: ErrorNode occurrence 3 owned by ExpressionStatement
syntax__lexer__separates_not_in_and_not_is_from_identifier_prefixes: ErrorNode occurrence 4 owned by ExpressionStatement
syntax__lexer__separates_not_in_and_not_is_from_identifier_prefixes: ErrorNode occurrence 5 owned by ExpressionStatement
syntax__lexer__separates_not_in_and_not_is_from_identifier_prefixes: ErrorNode occurrence 6 owned by ExpressionStatement
syntax__parser__block_empty_statement_adjacent_braces: ErrorNode occurrence 1 owned by ExpressionStatement
syntax__parser__diagnoses_invalid_assignment_targets: ErrorNode occurrence 1 owned by AssignmentExpression
syntax__parser__diagnoses_invalid_assignment_targets: ErrorNode occurrence 2 owned by AssignmentExpression
syntax__parser__diagnoses_invalid_assignment_targets: ErrorNode occurrence 3 owned by AssignmentExpression
syntax__parser__diagnoses_malformed_type_argument_call: ErrorNode occurrence 1 owned by TypeProjectionSeparatedList
syntax__parser__diagnoses_malformed_type_argument_call: ErrorNode occurrence 2 owned by BinaryExpression
syntax__parser__diagnoses_malformed_type_argument_call: ErrorNode occurrence 3 owned by PropertyDeclaration
syntax__parser__diagnoses_malformed_type_argument_call: ErrorNode occurrence 4 owned by PropertyDeclaration
syntax__parser__diagnoses_malformed_type_argument_call: ErrorNode occurrence 5 owned by PropertyDeclaration
syntax__parser__diagnoses_malformed_type_argument_call: ErrorNode occurrence 6 owned by NavigationExpression
syntax__parser__recovers_incomplete_lambda_and_call: ErrorNode occurrence 1 owned by ValueArgument
syntax__parser__recovers_missing_expression_after_elvis: ErrorNode occurrence 1 owned by BinaryExpression
syntax__parser__recovers_missing_expression_in_collection_literal_preview: ErrorNode occurrence 1 owned by ValueArgumentSeparatedList
syntax__parser__recovers_missing_when_arrow_and_body: ErrorNode occurrence 1 owned by WhenCondition
syntax__parser__recovers_missing_when_arrow_and_body: ErrorNode occurrence 2 owned by WhenCondition
syntax__parser__recovers_missing_when_arrow_and_body: ErrorNode occurrence 3 owned by WhenCondition
syntax__parser__recovers_missing_when_arrow_and_body: ErrorNode occurrence 4 owned by WhenEntry
syntax__recovery__annotation_argument_list: ErrorNode occurrence 1 owned by ValueArgumentSeparatedList
syntax__recovery__argument_list: ErrorNode occurrence 1 owned by ValueArgumentEntryList
syntax__recovery__assignment_invalid_targets: ErrorNode occurrence 1 owned by AssignmentExpression
syntax__recovery__assignment_invalid_targets: ErrorNode occurrence 2 owned by AssignmentExpression
syntax__recovery__assignment_invalid_targets: ErrorNode occurrence 3 owned by AssignmentExpression
syntax__recovery__assignment_without_left: ErrorNode occurrence 1 owned by ExpressionStatement
syntax__recovery__assignment_without_left: ErrorNode occurrence 2 owned by ExpressionStatement
syntax__recovery__block_empty_statement_adjacent_braces: ErrorNode occurrence 1 owned by ExpressionStatement
syntax__recovery__call_without_callee: ErrorNode occurrence 1 owned by ExpressionStatement
syntax__recovery__call_without_callee: ErrorNode occurrence 2 owned by ExpressionStatement
syntax__recovery__call_without_callee: ErrorNode occurrence 3 owned by ExpressionStatement
syntax__recovery__call_without_callee: ErrorNode occurrence 4 owned by ExpressionStatement
syntax__recovery__call_without_callee: ErrorNode occurrence 5 owned by ExpressionStatement
syntax__recovery__call_without_callee: ErrorNode occurrence 6 owned by ExpressionStatement
syntax__recovery__class_body_with_formatter_ignore: ErrorNode occurrence 1 owned by UnaryExpression
syntax__recovery__class_body: ErrorNode occurrence 1 owned by UnaryExpression
syntax__recovery__class_body: ErrorNode occurrence 2 owned by ExpressionStatement
syntax__recovery__class_body: ErrorNode occurrence 3 owned by ExpressionStatement
syntax__recovery__class_body: ErrorNode occurrence 4 owned by ExpressionStatement
syntax__recovery__collection_and_index_lists: ErrorNode occurrence 1 owned by ValueArgumentSeparatedList
syntax__recovery__collection_and_index_lists: ErrorNode occurrence 2 owned by ValueArgumentSeparatedList
syntax__recovery__context_function_type: ErrorNode occurrence 1 owned by FunctionTypeParameterSeparatedList
syntax__recovery__declaration_tails: ErrorNode occurrence 1 owned by FunctionDeclaration
syntax__recovery__declaration_tails: ErrorNode occurrence 2 owned by FunctionDeclaration
syntax__recovery__declaration_tails: ErrorNode occurrence 3 owned by FunctionDeclaration
syntax__recovery__declaration_tails: ErrorNode occurrence 4 owned by PropertyDeclaration
syntax__recovery__destructuring: ErrorNode occurrence 1 owned by DestructuringEntrySeparatedList
syntax__recovery__else_without_branch: ErrorNode occurrence 1 owned by IfExpression
syntax__recovery__for_partial_header: ErrorNode occurrence 1 owned by ForStatement
syntax__recovery__lambda_parameter_list: ErrorNode occurrence 1 owned by LambdaParameterSeparatedList
syntax__recovery__navigation_without_receiver: ErrorNode occurrence 1 owned by ExpressionStatement
syntax__recovery__navigation_without_receiver: ErrorNode occurrence 2 owned by ExpressionStatement
syntax__recovery__nested_recovered_when_condition: ErrorNode occurrence 1 owned by WhenCondition
syntax__recovery__nested_recovered_when_condition: ErrorNode occurrence 2 owned by WhenCondition
syntax__recovery__nested_recovered_when_condition: ErrorNode occurrence 3 owned by WhenCondition
syntax__recovery__nested_recovered_when_condition: ErrorNode occurrence 4 owned by WhenEntry
syntax__recovery__nested_recovered_when_condition: ErrorNode occurrence 5 owned by WhenEntry
syntax__recovery__nested_recovered_when_condition: ErrorNode occurrence 6 owned by WhenEntry
syntax__recovery__nested_recovered_when_condition: ErrorNode occurrence 7 owned by WhenEntry
syntax__recovery__nested_recovered_when_condition: ErrorNode occurrence 8 owned by WhenEntry
syntax__recovery__object_delegation: ErrorNode occurrence 1 owned by TypeReference
syntax__recovery__property_body_recovered_gap: ErrorNode occurrence 1 owned by AssignmentExpression
syntax__recovery__type_argument_list: ErrorNode occurrence 1 owned by TypeProjectionSeparatedList
syntax__recovery__type_constraints: ErrorNode occurrence 1 owned by ExpressionStatement
syntax__recovery__type_constraints: ErrorNode occurrence 2 owned by ExpressionStatement
syntax__recovery__type_constraints: ErrorNode occurrence 3 owned by ExpressionStatement
syntax__recovery__type_constraints: ErrorNode occurrence 4 owned by ExpressionStatement
syntax__recovery__type_constraints: ErrorNode occurrence 5 owned by ExpressionStatement
syntax__recovery__type_parameter_list: ErrorNode occurrence 1 owned by TypeParameterSeparatedList
syntax__recovery__value_parameter_list: ErrorNode occurrence 1 owned by ValueParameterSeparatedList
syntax__recovery__when_condition_list: ErrorNode occurrence 1 owned by WhenCondition
