---
source: crates/jolt_java_syntax/tests/corpus.rs
expression: snapshot
---
input:
\\u0061 \u005c\u0061 \u005cu0061

syntax:
syntax:
CompilationUnit
  CompilationUnitItemList
    BogusCompilationUnitItem
      Unknown "\\" @ 0..1
      Unknown "\\" @ 1..2
      Identifier "u0061" @ 2..7 trailing=[Whitespace " "]
      Unknown "\\u005c" @ 8..14
      Identifier "\\u0061" @ 14..20 trailing=[Whitespace " "]
      Unknown "\\u005c" @ 21..27
      Identifier "u0061" @ 27..32
  Eof "" @ 32..32

diagnostics:
  code=java.lex.unknown_character severity=Error stage=Lexer range=0..1 message="unknown character"
  code=java.lex.unknown_character severity=Error stage=Lexer range=1..2 message="unknown character"
  code=java.lex.unknown_character severity=Error stage=Lexer range=8..14 message="unknown character"
  code=java.lex.unknown_character severity=Error stage=Lexer range=21..27 message="unknown character"
  code=java.parse.unexpected_syntax severity=Error stage=Parser range=0..1 message="unexpected token at top level"

diagnostics:
code=java.lex.unknown_character severity=Error stage=Lexer range=Some(TextRange { start: TextSize(0), end: TextSize(1) }) message=unknown character
code=java.lex.unknown_character severity=Error stage=Lexer range=Some(TextRange { start: TextSize(1), end: TextSize(2) }) message=unknown character
code=java.lex.unknown_character severity=Error stage=Lexer range=Some(TextRange { start: TextSize(8), end: TextSize(14) }) message=unknown character
code=java.lex.unknown_character severity=Error stage=Lexer range=Some(TextRange { start: TextSize(21), end: TextSize(27) }) message=unknown character
code=java.parse.unexpected_syntax severity=Error stage=Parser range=Some(TextRange { start: TextSize(0), end: TextSize(1) }) message=unexpected token at top level
