---
source: crates/jolt_java_syntax/tests/parser_fixtures.rs
expression: prettier_summary.render()
---
suite: prettier-java
files: 86
reconstructed changed: 0

diagnostics:
  Parser:java.parse.expected_syntax: 48
  Parser:java.parse.invalid_statement_expression: 78
  Parser:java.parse.unexpected_syntax: 38
  Parser:java.parse.unqualified_yield_method_invocation: 2
